// Jest Snapshot v1, https://goo.gl/fbAQLP

exports[`pruebas en <AddCategory/> debe de mostrarse correctamente <AddCategory/> 1`] = `
<form
  onSubmit={[Function]}
>
  <p />
  <input
    onChange={[Function]}
    placeholder="Search Here!"
    type="text"
    value=""
  />
</form>
`;
